........................................................................ [ 96%]
...                                                                      [100%]
=============================== warnings summary ===============================
tests/unit/core/privacy/test_postgres_erasure_canonical_path.py::test_pii_table_name_derivation
  tests/unit/core/privacy/test_postgres_erasure_canonical_path.py:77: PytestWarning: The test <Function test_pii_table_name_derivation> is marked with '@pytest.mark.asyncio' but it is not an async function. Please remove the asyncio mark. If the test is not marked explicitly, check for global marks applied via 'pytestmark'.
    def test_pii_table_name_derivation() -> None:

tests/unit/core/privacy/test_postgres_erasure_canonical_path.py::test_pii_table_name_rejects_unsafe_or_malformed[user 42]
  tests/unit/core/privacy/test_postgres_erasure_canonical_path.py:82: PytestWarning: The test <Function test_pii_table_name_rejects_unsafe_or_malformed[user 42]> is marked with '@pytest.mark.asyncio' but it is not an async function. Please remove the asyncio mark. If the test is not marked explicitly, check for global marks applied via 'pytestmark'.
    @pytest.mark.parametrize(

tests/unit/core/privacy/test_postgres_erasure_canonical_path.py::test_pii_table_name_rejects_unsafe_or_malformed[user;DROP TABLE x]
  tests/unit/core/privacy/test_postgres_erasure_canonical_path.py:82: PytestWarning: The test <Function test_pii_table_name_rejects_unsafe_or_malformed[user;DROP TABLE x]> is marked with '@pytest.mark.asyncio' but it is not an async function. Please remove the asyncio mark. If the test is not marked explicitly, check for global marks applied via 'pytestmark'.
    @pytest.mark.parametrize(

tests/unit/core/privacy/test_postgres_erasure_canonical_path.py::test_pii_table_name_rejects_unsafe_or_malformed[user-42]
  tests/unit/core/privacy/test_postgres_erasure_canonical_path.py:82: PytestWarning: The test <Function test_pii_table_name_rejects_unsafe_or_malformed[user-42]> is marked with '@pytest.mark.asyncio' but it is not an async function. Please remove the asyncio mark. If the test is not marked explicitly, check for global marks applied via 'pytestmark'.
    @pytest.mark.parametrize(

tests/unit/core/privacy/test_postgres_erasure_canonical_path.py::test_pii_table_name_rejects_unsafe_or_malformed[1user:42]
  tests/unit/core/privacy/test_postgres_erasure_canonical_path.py:82: PytestWarning: The test <Function test_pii_table_name_rejects_unsafe_or_malformed[1user:42]> is marked with '@pytest.mark.asyncio' but it is not an async function. Please remove the asyncio mark. If the test is not marked explicitly, check for global marks applied via 'pytestmark'.
    @pytest.mark.parametrize(

tests/unit/core/privacy/test_postgres_erasure_canonical_path.py::test_pii_table_name_rejects_unsafe_or_malformed[noscope]
  tests/unit/core/privacy/test_postgres_erasure_canonical_path.py:82: PytestWarning: The test <Function test_pii_table_name_rejects_unsafe_or_malformed[noscope]> is marked with '@pytest.mark.asyncio' but it is not an async function. Please remove the asyncio mark. If the test is not marked explicitly, check for global marks applied via 'pytestmark'.
    @pytest.mark.parametrize(

-- Docs: https://docs.pytest.org/en/stable/how-to/capture-warnings.html
75 passed, 6 warnings in 2.89s
