make/quality.mk:295: предупреждение: переопределение способа для цели «check-canonical-errors»
make/security.mk:232: предупреждение: старый способ для цели «check-canonical-errors» игнорируются
[34mПроверка AI Safety (workspace + sandbox + fs.create_new)...[0m
2026-09-28 11:38:58 [warning  ] Vault недоступен (HTTPConnectionPool(host='127.0.0.1', port=8200): Max retries exceeded with url: /v1/auth/token/lookup-self (Caused by NewConnectionError("HTTPConnection(host='127.0.0.1', port=8200): Failed to establish a new connection: [Errno 111] Connection refused"))) — secrets-источник пропущен. Установите vault.enabled=false или поднимите Vault, чтобы убрать это сообщение.
............................................s......sssss................ [ 10%]
........................................................................ [ 20%]
........................................................................ [ 30%]
........................................................................ [ 40%]
........................................................................ [ 50%]
........................................................s............... [ 60%]
...........................................x..................sss....... [ 70%]
...........................................................s............ [ 80%]
........................................................................ [ 90%]
...................................................................      [100%]/home/user/dev/gd_integration_tools/.venv/lib/python3.14/site-packages/_pytest/unraisableexception.py:33: RuntimeWarning: coroutine 'AIWorkspaceCleaner._cleanup_loop' was never awaited
  gc.collect()
RuntimeWarning: Enable tracemalloc to get the object allocation traceback

=============================== warnings summary ===============================
tests/unit/core/ai/policy/test_handle_mixin.py::TestPublishDLQWithWriter::test_writer_called_with_envelope
  /home/user/dev/gd_integration_tools/src/backend/core/di/providers/infrastructure_locator.py:203: RuntimeWarning: coroutine 'HandleMixin._publish_dlq' was never awaited
    def _make_provider_getter(name: str, module_path: str, attr: str) -> Callable[[], Any]:
  Enable tracemalloc to get traceback where the object was allocated.
  See https://docs.pytest.org/en/stable/how-to/capture-warnings.html#resource-warnings for more info.

tests/unit/core/ai/policy/test_output_guard_mixin.py::TestGuardOutputNormal::test_unsafe_content_returns_blocked_verdict
  /home/user/dev/gd_integration_tools/src/backend/core/ai/policy/enforcer/output_guard_mixin.py:87: RuntimeWarning: coroutine 'AsyncMockMixin._execute_mock_call' was never awaited
    self._handle_guard_block(
  Enable tracemalloc to get traceback where the object was allocated.
  See https://docs.pytest.org/en/stable/how-to/capture-warnings.html#resource-warnings for more info.

tests/unit/core/ai/test_agent_sandbox.py::test_in_process_delegates_to_build_and_run_agent
  /home/user/dev/gd_integration_tools/tests/unit/core/ai/test_agent_sandbox.py:49: DeprecationWarning: InProcessAgentSandbox is DEPRECATED since Sprint 172 (ARC-008). Zero process isolation — same memory + file descriptors as parent. Use ProcessPoolAgentSandbox (default) or E2BAgentSandbox (opt-in) for any production / dev_shared workload. Will be removed in Sprint 175.
    sandbox = InProcessAgentSandbox()

tests/unit/core/ai/test_agent_sandbox.py::test_in_process_delegates_to_build_and_run_agent
tests/unit/core/ai/test_agent_sandbox.py::test_in_process_reports_error
  /home/user/dev/gd_integration_tools/src/backend/services/ai/agent_sandbox/_in_process.py:91: RuntimeWarning: coroutine 'AuditService.emit' was never awaited
    emit_audit_safe(
  Enable tracemalloc to get traceback where the object was allocated.
  See https://docs.pytest.org/en/stable/how-to/capture-warnings.html#resource-warnings for more info.

tests/unit/core/ai/test_agent_sandbox.py::test_in_process_reports_error
  /home/user/dev/gd_integration_tools/tests/unit/core/ai/test_agent_sandbox.py:80: DeprecationWarning: InProcessAgentSandbox is DEPRECATED since Sprint 172 (ARC-008). Zero process isolation — same memory + file descriptors as parent. Use ProcessPoolAgentSandbox (default) or E2BAgentSandbox (opt-in) for any production / dev_shared workload. Will be removed in Sprint 175.
    sandbox = InProcessAgentSandbox()

tests/unit/core/ai/test_audit_fixes_cycle31.py::TestInProcessAgentSandboxAudit::test_construction_emits_audit_event
  /home/user/dev/gd_integration_tools/tests/unit/core/ai/test_audit_fixes_cycle31.py:121: RuntimeWarning: coroutine 'AuditService.emit' was never awaited
    real_emit(*args, **kwargs)
  Enable tracemalloc to get traceback where the object was allocated.
  See https://docs.pytest.org/en/stable/how-to/capture-warnings.html#resource-warnings for more info.

tests/unit/core/ai/test_audit_fixes_cycle31.py::TestRedisBatchLimits::test_mget_at_limit_succeeds
  /home/user/dev/gd_integration_tools/src/backend/infrastructure/cache/backends/redis.py:175: RuntimeWarning: coroutine 'AsyncMockMixin._execute_mock_call' was never awaited
    pipe.get(key)
  Enable tracemalloc to get traceback where the object was allocated.
  See https://docs.pytest.org/en/stable/how-to/capture-warnings.html#resource-warnings for more info.

tests/unit/core/ai/test_token_budget_integration.py::TestBudgetEnforced::test_empty_tenant_id_skips
  /home/user/dev/gd_integration_tools/src/backend/core/ai/gateway_orchestrator_mixin.py:199: RuntimeWarning: coroutine 'AuditService.emit' was never awaited
    emit_audit_safe(
  Enable tracemalloc to get traceback where the object was allocated.
  See https://docs.pytest.org/en/stable/how-to/capture-warnings.html#resource-warnings for more info.

tests/unit/core/ai/test_workspace_cleaner.py::test_start_idempotent
  /home/user/.local/share/uv/python/cpython-3.14-linux-x86_64-gnu/lib/python3.14/unittest/mock.py:503: RuntimeWarning: coroutine 'AIWorkspaceCleaner._cleanup_loop' was never awaited
    _safe_super(NonCallableMock, self).__init__(
  Enable tracemalloc to get traceback where the object was allocated.
  See https://docs.pytest.org/en/stable/how-to/capture-warnings.html#resource-warnings for more info.

tests/unit/core/ai/test_workspace_manager.py::test_shutdown_cancels_cleanup_loop
tests/integration/test_ai_safety_lifecycle.py::test_start_ai_safety_creates_workspace_root
tests/integration/test_ai_safety_lifecycle.py::test_stop_cancels_cleanup_task
  /home/user/.local/share/uv/python/cpython-3.14-linux-x86_64-gnu/lib/python3.14/asyncio/events.py:94: RuntimeWarning: coroutine 'TaskRegistry.create_task.<locals>._runner' was never awaited
    self._context.run(self._callback, *self._args)
  Enable tracemalloc to get traceback where the object was allocated.
  See https://docs.pytest.org/en/stable/how-to/capture-warnings.html#resource-warnings for more info.

-- Docs: https://docs.pytest.org/en/stable/how-to/capture-warnings.html
=========================== short test summary info ============================
SKIPPED [1] tests/unit/core/ai/policy/test_enforcer.py:272: archived 2026 — see research/agent-framework/REPORT.md F4.2
SKIPPED [1] tests/unit/core/ai/policy/test_enforcer.py:448: archived 2026 — see research/agent-framework/REPORT.md F4.1
SKIPPED [1] tests/unit/core/ai/policy/test_enforcer.py:466: archived 2026 — see research/agent-framework/REPORT.md F4.1
SKIPPED [1] tests/unit/core/ai/policy/test_enforcer.py:484: archived 2026 — see research/agent-framework/REPORT.md F4.1
SKIPPED [1] tests/unit/core/ai/policy/test_enforcer.py:507: archived 2026 — see research/agent-framework/REPORT.md F4.1
SKIPPED [1] tests/unit/core/ai/policy/test_enforcer.py:532: archived 2026 — see research/agent-framework/REPORT.md F4.1
SKIPPED [1] tests/unit/core/ai/test_gateway_pipeline.py:285: S44 W26 (agent audit S85 follow-up): ai_gateway_enforce=False no longer supported (AIGatewayEnforcementRequiredError raised in S85). Pre-existing test for deprecated pass-through-scaffold mode — skip until proper capability-gate test exists.
SKIPPED [1] tests/unit/core/ai/test_ml_model_loader.py:122: could not import 'joblib': No module named 'joblib'
SKIPPED [1] tests/unit/core/ai/test_ml_model_loader.py:135: could not import 'joblib': No module named 'joblib'
SKIPPED [1] tests/unit/core/ai/test_ml_model_loader.py:149: could not import 'joblib': No module named 'joblib'
SKIPPED [1] tests/unit/core/ai/test_skill_registry.py:192: S171 M11 R2: hot_reload не реализован — sync test
XFAIL tests/unit/core/ai/test_gateway_scaffold.py::test_invoke_pass_through_when_flag_off - S162 W8: S85 changed contract — ai_gateway_enforce=False no longer supported (raises AIGatewayEnforcementRequiredError). Test was for deprecated scaffold path.
703 passed, 11 skipped, 1 xfailed, 13 warnings in 8.99s
[32mAI Safety checks passed[0m
